// Jest Snapshot v1, https://goo.gl/fbAQLP

exports[`renders ClientList 1`] = `
Object {
  "asFragment": [Function],
  "baseElement": <body>
    <div>
      <table
        aria-label="Clients"
        class="pf-c-table pf-m-grid-md pf-m-compact"
        data-ouia-component-id="OUIA-Generated-Table-1"
        data-ouia-component-type="PF4/Table"
        data-ouia-safe="true"
        role="grid"
      >
        <thead
          class=""
        >
          <tr>
            <th
              class=""
              data-key="0"
              data-label="Client ID"
              scope="col"
            >
              Client ID
            </th>
            <th
              class=""
              data-key="1"
              data-label="Type"
              scope="col"
            >
              Type
            </th>
            <th
              class=""
              data-key="2"
              data-label="Description"
              scope="col"
            >
              Description
            </th>
            <th
              class=""
              data-key="3"
              data-label="Home URL"
              scope="col"
            >
              Home URL
            </th>
            <td
              class=""
              data-key="4"
              data-label=""
            />
          </tr>
        </thead>
        <tbody
          class=""
        >
          <tr
            class=""
            data-ouia-component-id="OUIA-Generated-TableRow-1"
            data-ouia-component-type="PF4/TableRow"
            data-ouia-safe="true"
          >
            <td
              class=""
              data-key="0"
              data-label="Client ID"
            >
              <a
                href="/clients/767756c2-21f8-431c-9f4b-edf30654d653"
              >
                account
              </a>
            </td>
            <td
              class=""
              data-key="1"
              data-label="Type"
            >
              openid-connect
            </td>
            <td
              class=""
              data-key="2"
              data-label="Description"
            >
              —
            </td>
            <td
              class=""
              data-key="3"
              data-label="Home URL"
            >
              <a
                aria-disabled="false"
                class="pf-c-button pf-m-link"
                data-ouia-component-id="OUIA-Generated-Button-link-1"
                data-ouia-component-type="PF4/Button"
                data-ouia-safe="true"
                href="http://blog.nerdin.chrealms/master/account/"
                target="_blank"
              >
                http://blog.nerdin.chrealms/master/account/
                <span
                  class="pf-c-button__icon pf-m-end"
                >
                  <svg
                    aria-hidden="true"
                    fill="currentColor"
                    height="1em"
                    role="img"
                    style="vertical-align: -0.125em;"
                    viewBox="0 0 512 512"
                    width="1em"
                  >
                    <path
                      d="M432,320H400a16,16,0,0,0-16,16V448H64V128H208a16,16,0,0,0,16-16V80a16,16,0,0,0-16-16H48A48,48,0,0,0,0,112V464a48,48,0,0,0,48,48H400a48,48,0,0,0,48-48V336A16,16,0,0,0,432,320ZM488,0h-128c-21.37,0-32.05,25.91-17,41l35.73,35.73L135,320.37a24,24,0,0,0,0,34L157.67,377a24,24,0,0,0,34,0L435.28,133.32,471,169c15,15,41,4.5,41-17V24A24,24,0,0,0,488,0Z"
                    />
                  </svg>
                </span>
              </a>
            </td>
            <td
              class="pf-c-table__action"
              data-key="4"
            >
              <div
                class="pf-c-dropdown pf-m-align-right"
                data-ouia-component-id="OUIA-Generated-Dropdown-1"
                data-ouia-component-type="PF4/Dropdown"
                data-ouia-safe="true"
              >
                <button
                  aria-expanded="false"
                  aria-haspopup="true"
                  aria-label="Actions"
                  class="pf-c-dropdown__toggle pf-m-plain"
                  id="pf-dropdown-toggle-id-0"
                  type="button"
                >
                  <svg
                    aria-hidden="true"
                    fill="currentColor"
                    height="1em"
                    role="img"
                    style="vertical-align: -0.125em;"
                    viewBox="0 0 192 512"
                    width="1em"
                  >
                    <path
                      d="M96 184c39.8 0 72 32.2 72 72s-32.2 72-72 72-72-32.2-72-72 32.2-72 72-72zM24 80c0 39.8 32.2 72 72 72s72-32.2 72-72S135.8 8 96 8 24 40.2 24 80zm0 352c0 39.8 32.2 72 72 72s72-32.2 72-72-32.2-72-72-72-72 32.2-72 72z"
                    />
                  </svg>
                </button>
              </div>
            </td>
          </tr>
          <tr
            class=""
            data-ouia-component-id="OUIA-Generated-TableRow-2"
            data-ouia-component-type="PF4/TableRow"
            data-ouia-safe="true"
          >
            <td
              class=""
              data-key="0"
              data-label="Client ID"
            >
              <a
                href="/clients/337dc87b-e08d-409e-aaac-6ab7df4b925b"
              >
                account-console
              </a>
            </td>
            <td
              class=""
              data-key="1"
              data-label="Type"
            >
              openid-connect
            </td>
            <td
              class=""
              data-key="2"
              data-label="Description"
            >
              —
            </td>
            <td
              class=""
              data-key="3"
              data-label="Home URL"
            >
              <a
                aria-disabled="false"
                class="pf-c-button pf-m-link"
                data-ouia-component-id="OUIA-Generated-Button-link-2"
                data-ouia-component-type="PF4/Button"
                data-ouia-safe="true"
                href="http://blog.nerdin.chrealms/master/account/"
                target="_blank"
              >
                http://blog.nerdin.chrealms/master/account/
                <span
                  class="pf-c-button__icon pf-m-end"
                >
                  <svg
                    aria-hidden="true"
                    fill="currentColor"
                    height="1em"
                    role="img"
                    style="vertical-align: -0.125em;"
                    viewBox="0 0 512 512"
                    width="1em"
                  >
                    <path
                      d="M432,320H400a16,16,0,0,0-16,16V448H64V128H208a16,16,0,0,0,16-16V80a16,16,0,0,0-16-16H48A48,48,0,0,0,0,112V464a48,48,0,0,0,48,48H400a48,48,0,0,0,48-48V336A16,16,0,0,0,432,320ZM488,0h-128c-21.37,0-32.05,25.91-17,41l35.73,35.73L135,320.37a24,24,0,0,0,0,34L157.67,377a24,24,0,0,0,34,0L435.28,133.32,471,169c15,15,41,4.5,41-17V24A24,24,0,0,0,488,0Z"
                    />
                  </svg>
                </span>
              </a>
            </td>
            <td
              class="pf-c-table__action"
              data-key="4"
            >
              <div
                class="pf-c-dropdown pf-m-align-right"
                data-ouia-component-id="OUIA-Generated-Dropdown-2"
                data-ouia-component-type="PF4/Dropdown"
                data-ouia-safe="true"
              >
                <button
                  aria-expanded="false"
                  aria-haspopup="true"
                  aria-label="Actions"
                  class="pf-c-dropdown__toggle pf-m-plain"
                  id="pf-dropdown-toggle-id-1"
                  type="button"
                >
                  <svg
                    aria-hidden="true"
                    fill="currentColor"
                    height="1em"
                    role="img"
                    style="vertical-align: -0.125em;"
                    viewBox="0 0 192 512"
                    width="1em"
                  >
                    <path
                      d="M96 184c39.8 0 72 32.2 72 72s-32.2 72-72 72-72-32.2-72-72 32.2-72 72-72zM24 80c0 39.8 32.2 72 72 72s72-32.2 72-72S135.8 8 96 8 24 40.2 24 80zm0 352c0 39.8 32.2 72 72 72s72-32.2 72-72-32.2-72-72-72-72 32.2-72 72z"
                    />
                  </svg>
                </button>
              </div>
            </td>
          </tr>
          <tr
            class=""
            data-ouia-component-id="OUIA-Generated-TableRow-3"
            data-ouia-component-type="PF4/TableRow"
            data-ouia-safe="true"
          >
            <td
              class=""
              data-key="0"
              data-label="Client ID"
            >
              <a
                href="/clients/60d59afe-7926-4c22-b829-798125793ef5"
              >
                admin-cli
              </a>
            </td>
            <td
              class=""
              data-key="1"
              data-label="Type"
            >
              openid-connect
            </td>
            <td
              class=""
              data-key="2"
              data-label="Description"
            >
              —
            </td>
            <td
              class=""
              data-key="3"
              data-label="Home URL"
            >
              —
            </td>
            <td
              class="pf-c-table__action"
              data-key="4"
            >
              <div
                class="pf-c-dropdown pf-m-align-right"
                data-ouia-component-id="OUIA-Generated-Dropdown-3"
                data-ouia-component-type="PF4/Dropdown"
                data-ouia-safe="true"
              >
                <button
                  aria-expanded="false"
                  aria-haspopup="true"
                  aria-label="Actions"
                  class="pf-c-dropdown__toggle pf-m-plain"
                  id="pf-dropdown-toggle-id-2"
                  type="button"
                >
                  <svg
                    aria-hidden="true"
                    fill="currentColor"
                    height="1em"
                    role="img"
                    style="vertical-align: -0.125em;"
                    viewBox="0 0 192 512"
                    width="1em"
                  >
                    <path
                      d="M96 184c39.8 0 72 32.2 72 72s-32.2 72-72 72-72-32.2-72-72 32.2-72 72-72zM24 80c0 39.8 32.2 72 72 72s72-32.2 72-72S135.8 8 96 8 24 40.2 24 80zm0 352c0 39.8 32.2 72 72 72s72-32.2 72-72-32.2-72-72-72-72 32.2-72 72z"
                    />
                  </svg>
                </button>
              </div>
            </td>
          </tr>
          <tr
            class=""
            data-ouia-component-id="OUIA-Generated-TableRow-4"
            data-ouia-component-type="PF4/TableRow"
            data-ouia-safe="true"
          >
            <td
              class=""
              data-key="0"
              data-label="Client ID"
            >
              <a
                href="/clients/c2d74093-2b8c-4ecb-870f-c7358ff48237"
              >
                broker
              </a>
            </td>
            <td
              class=""
              data-key="1"
              data-label="Type"
            >
              openid-connect
            </td>
            <td
              class=""
              data-key="2"
              data-label="Description"
            >
              —
            </td>
            <td
              class=""
              data-key="3"
              data-label="Home URL"
            >
              —
            </td>
            <td
              class="pf-c-table__action"
              data-key="4"
            >
              <div
                class="pf-c-dropdown pf-m-align-right"
                data-ouia-component-id="OUIA-Generated-Dropdown-4"
                data-ouia-component-type="PF4/Dropdown"
                data-ouia-safe="true"
              >
                <button
                  aria-expanded="false"
                  aria-haspopup="true"
                  aria-label="Actions"
                  class="pf-c-dropdown__toggle pf-m-plain"
                  id="pf-dropdown-toggle-id-3"
                  type="button"
                >
                  <svg
                    aria-hidden="true"
                    fill="currentColor"
                    height="1em"
                    role="img"
                    style="vertical-align: -0.125em;"
                    viewBox="0 0 192 512"
                    width="1em"
                  >
                    <path
                      d="M96 184c39.8 0 72 32.2 72 72s-32.2 72-72 72-72-32.2-72-72 32.2-72 72-72zM24 80c0 39.8 32.2 72 72 72s72-32.2 72-72S135.8 8 96 8 24 40.2 24 80zm0 352c0 39.8 32.2 72 72 72s72-32.2 72-72-32.2-72-72-72-72 32.2-72 72z"
                    />
                  </svg>
                </button>
              </div>
            </td>
          </tr>
          <tr
            class=""
            data-ouia-component-id="OUIA-Generated-TableRow-5"
            data-ouia-component-type="PF4/TableRow"
            data-ouia-safe="true"
          >
            <td
              class=""
              data-key="0"
              data-label="Client ID"
            >
              <a
                href="/clients/66135023-e667-4864-b1f3-f87e805fabc2"
              >
                master-realm
              </a>
            </td>
            <td
              class=""
              data-key="1"
              data-label="Type"
            />
            <td
              class=""
              data-key="2"
              data-label="Description"
            >
              —
            </td>
            <td
              class=""
              data-key="3"
              data-label="Home URL"
            >
              —
            </td>
            <td
              class="pf-c-table__action"
              data-key="4"
            >
              <div
                class="pf-c-dropdown pf-m-align-right"
                data-ouia-component-id="OUIA-Generated-Dropdown-5"
                data-ouia-component-type="PF4/Dropdown"
                data-ouia-safe="true"
              >
                <button
                  aria-expanded="false"
                  aria-haspopup="true"
                  aria-label="Actions"
                  class="pf-c-dropdown__toggle pf-m-plain"
                  id="pf-dropdown-toggle-id-4"
                  type="button"
                >
                  <svg
                    aria-hidden="true"
                    fill="currentColor"
                    height="1em"
                    role="img"
                    style="vertical-align: -0.125em;"
                    viewBox="0 0 192 512"
                    width="1em"
                  >
                    <path
                      d="M96 184c39.8 0 72 32.2 72 72s-32.2 72-72 72-72-32.2-72-72 32.2-72 72-72zM24 80c0 39.8 32.2 72 72 72s72-32.2 72-72S135.8 8 96 8 24 40.2 24 80zm0 352c0 39.8 32.2 72 72 72s72-32.2 72-72-32.2-72-72-72-72 32.2-72 72z"
                    />
                  </svg>
                </button>
              </div>
            </td>
          </tr>
          <tr
            class=""
            data-ouia-component-id="OUIA-Generated-TableRow-6"
            data-ouia-component-type="PF4/TableRow"
            data-ouia-safe="true"
          >
            <td
              class=""
              data-key="0"
              data-label="Client ID"
            >
              <a
                href="/clients/324f4182-d302-44f8-ac8a-149eaa29dc90"
              >
                new
              </a>
            </td>
            <td
              class=""
              data-key="1"
              data-label="Type"
            >
              openid-connect
            </td>
            <td
              class=""
              data-key="2"
              data-label="Description"
            >
              —
            </td>
            <td
              class=""
              data-key="3"
              data-label="Home URL"
            >
              <a
                aria-disabled="false"
                class="pf-c-button pf-m-link"
                data-ouia-component-id="OUIA-Generated-Button-link-3"
                data-ouia-component-type="PF4/Button"
                data-ouia-safe="true"
                href="http://localhost:8080/"
                target="_blank"
              >
                http://localhost:8080/
                <span
                  class="pf-c-button__icon pf-m-end"
                >
                  <svg
                    aria-hidden="true"
                    fill="currentColor"
                    height="1em"
                    role="img"
                    style="vertical-align: -0.125em;"
                    viewBox="0 0 512 512"
                    width="1em"
                  >
                    <path
                      d="M432,320H400a16,16,0,0,0-16,16V448H64V128H208a16,16,0,0,0,16-16V80a16,16,0,0,0-16-16H48A48,48,0,0,0,0,112V464a48,48,0,0,0,48,48H400a48,48,0,0,0,48-48V336A16,16,0,0,0,432,320ZM488,0h-128c-21.37,0-32.05,25.91-17,41l35.73,35.73L135,320.37a24,24,0,0,0,0,34L157.67,377a24,24,0,0,0,34,0L435.28,133.32,471,169c15,15,41,4.5,41-17V24A24,24,0,0,0,488,0Z"
                    />
                  </svg>
                </span>
              </a>
            </td>
            <td
              class="pf-c-table__action"
              data-key="4"
            >
              <div
                class="pf-c-dropdown pf-m-align-right"
                data-ouia-component-id="OUIA-Generated-Dropdown-6"
                data-ouia-component-type="PF4/Dropdown"
                data-ouia-safe="true"
              >
                <button
                  aria-expanded="false"
                  aria-haspopup="true"
                  aria-label="Actions"
                  class="pf-c-dropdown__toggle pf-m-plain"
                  id="pf-dropdown-toggle-id-5"
                  type="button"
                >
                  <svg
                    aria-hidden="true"
                    fill="currentColor"
                    height="1em"
                    role="img"
                    style="vertical-align: -0.125em;"
                    viewBox="0 0 192 512"
                    width="1em"
                  >
                    <path
                      d="M96 184c39.8 0 72 32.2 72 72s-32.2 72-72 72-72-32.2-72-72 32.2-72 72-72zM24 80c0 39.8 32.2 72 72 72s72-32.2 72-72S135.8 8 96 8 24 40.2 24 80zm0 352c0 39.8 32.2 72 72 72s72-32.2 72-72-32.2-72-72-72-72 32.2-72 72z"
                    />
                  </svg>
                </button>
              </div>
            </td>
          </tr>
          <tr
            class=""
            data-ouia-component-id="OUIA-Generated-TableRow-7"
            data-ouia-component-type="PF4/TableRow"
            data-ouia-safe="true"
          >
            <td
              class=""
              data-key="0"
              data-label="Client ID"
            >
              <a
                href="/clients/fb45882b-4d85-4f40-920e-6a68298d36d0"
              >
                photoz-realm
              </a>
            </td>
            <td
              class=""
              data-key="1"
              data-label="Type"
            />
            <td
              class=""
              data-key="2"
              data-label="Description"
            >
              —
            </td>
            <td
              class=""
              data-key="3"
              data-label="Home URL"
            >
              —
            </td>
            <td
              class="pf-c-table__action"
              data-key="4"
            >
              <div
                class="pf-c-dropdown pf-m-align-right"
                data-ouia-component-id="OUIA-Generated-Dropdown-7"
                data-ouia-component-type="PF4/Dropdown"
                data-ouia-safe="true"
              >
                <button
                  aria-expanded="false"
                  aria-haspopup="true"
                  aria-label="Actions"
                  class="pf-c-dropdown__toggle pf-m-plain"
                  id="pf-dropdown-toggle-id-6"
                  type="button"
                >
                  <svg
                    aria-hidden="true"
                    fill="currentColor"
                    height="1em"
                    role="img"
                    style="vertical-align: -0.125em;"
                    viewBox="0 0 192 512"
                    width="1em"
                  >
                    <path
                      d="M96 184c39.8 0 72 32.2 72 72s-32.2 72-72 72-72-32.2-72-72 32.2-72 72-72zM24 80c0 39.8 32.2 72 72 72s72-32.2 72-72S135.8 8 96 8 24 40.2 24 80zm0 352c0 39.8 32.2 72 72 72s72-32.2 72-72-32.2-72-72-72-72 32.2-72 72z"
                    />
                  </svg>
                </button>
              </div>
            </td>
          </tr>
          <tr
            class=""
            data-ouia-component-id="OUIA-Generated-TableRow-8"
            data-ouia-component-type="PF4/TableRow"
            data-ouia-safe="true"
          >
            <td
              class=""
              data-key="0"
              data-label="Client ID"
            >
              <a
                href="/clients/9ed60e41-d794-4046-842f-3247bf32f5ce"
              >
                security-admin-console
              </a>
            </td>
            <td
              class=""
              data-key="1"
              data-label="Type"
            >
              openid-connect
            </td>
            <td
              class=""
              data-key="2"
              data-label="Description"
            >
              —
            </td>
            <td
              class=""
              data-key="3"
              data-label="Home URL"
            >
              <a
                aria-disabled="false"
                class="pf-c-button pf-m-link"
                data-ouia-component-id="OUIA-Generated-Button-link-4"
                data-ouia-component-type="PF4/Button"
                data-ouia-safe="true"
                href="http://blog.nerdin.chadmin/master/console/"
                target="_blank"
              >
                http://blog.nerdin.chadmin/master/console/
                <span
                  class="pf-c-button__icon pf-m-end"
                >
                  <svg
                    aria-hidden="true"
                    fill="currentColor"
                    height="1em"
                    role="img"
                    style="vertical-align: -0.125em;"
                    viewBox="0 0 512 512"
                    width="1em"
                  >
                    <path
                      d="M432,320H400a16,16,0,0,0-16,16V448H64V128H208a16,16,0,0,0,16-16V80a16,16,0,0,0-16-16H48A48,48,0,0,0,0,112V464a48,48,0,0,0,48,48H400a48,48,0,0,0,48-48V336A16,16,0,0,0,432,320ZM488,0h-128c-21.37,0-32.05,25.91-17,41l35.73,35.73L135,320.37a24,24,0,0,0,0,34L157.67,377a24,24,0,0,0,34,0L435.28,133.32,471,169c15,15,41,4.5,41-17V24A24,24,0,0,0,488,0Z"
                    />
                  </svg>
                </span>
              </a>
            </td>
            <td
              class="pf-c-table__action"
              data-key="4"
            >
              <div
                class="pf-c-dropdown pf-m-align-right"
                data-ouia-component-id="OUIA-Generated-Dropdown-8"
                data-ouia-component-type="PF4/Dropdown"
                data-ouia-safe="true"
              >
                <button
                  aria-expanded="false"
                  aria-haspopup="true"
                  aria-label="Actions"
                  class="pf-c-dropdown__toggle pf-m-plain"
                  id="pf-dropdown-toggle-id-7"
                  type="button"
                >
                  <svg
                    aria-hidden="true"
                    fill="currentColor"
                    height="1em"
                    role="img"
                    style="vertical-align: -0.125em;"
                    viewBox="0 0 192 512"
                    width="1em"
                  >
                    <path
                      d="M96 184c39.8 0 72 32.2 72 72s-32.2 72-72 72-72-32.2-72-72 32.2-72 72-72zM24 80c0 39.8 32.2 72 72 72s72-32.2 72-72S135.8 8 96 8 24 40.2 24 80zm0 352c0 39.8 32.2 72 72 72s72-32.2 72-72-32.2-72-72-72-72 32.2-72 72z"
                    />
                  </svg>
                </button>
              </div>
            </td>
          </tr>
        </tbody>
      </table>
    </div>
  </body>,
  "container": <div>
    <table
      aria-label="Clients"
      class="pf-c-table pf-m-grid-md pf-m-compact"
      data-ouia-component-id="OUIA-Generated-Table-1"
      data-ouia-component-type="PF4/Table"
      data-ouia-safe="true"
      role="grid"
    >
      <thead
        class=""
      >
        <tr>
          <th
            class=""
            data-key="0"
            data-label="Client ID"
            scope="col"
          >
            Client ID
          </th>
          <th
            class=""
            data-key="1"
            data-label="Type"
            scope="col"
          >
            Type
          </th>
          <th
            class=""
            data-key="2"
            data-label="Description"
            scope="col"
          >
            Description
          </th>
          <th
            class=""
            data-key="3"
            data-label="Home URL"
            scope="col"
          >
            Home URL
          </th>
          <td
            class=""
            data-key="4"
            data-label=""
          />
        </tr>
      </thead>
      <tbody
        class=""
      >
        <tr
          class=""
          data-ouia-component-id="OUIA-Generated-TableRow-1"
          data-ouia-component-type="PF4/TableRow"
          data-ouia-safe="true"
        >
          <td
            class=""
            data-key="0"
            data-label="Client ID"
          >
            <a
              href="/clients/767756c2-21f8-431c-9f4b-edf30654d653"
            >
              account
            </a>
          </td>
          <td
            class=""
            data-key="1"
            data-label="Type"
          >
            openid-connect
          </td>
          <td
            class=""
            data-key="2"
            data-label="Description"
          >
            —
          </td>
          <td
            class=""
            data-key="3"
            data-label="Home URL"
          >
            <a
              aria-disabled="false"
              class="pf-c-button pf-m-link"
              data-ouia-component-id="OUIA-Generated-Button-link-1"
              data-ouia-component-type="PF4/Button"
              data-ouia-safe="true"
              href="http://blog.nerdin.chrealms/master/account/"
              target="_blank"
            >
              http://blog.nerdin.chrealms/master/account/
              <span
                class="pf-c-button__icon pf-m-end"
              >
                <svg
                  aria-hidden="true"
                  fill="currentColor"
                  height="1em"
                  role="img"
                  style="vertical-align: -0.125em;"
                  viewBox="0 0 512 512"
                  width="1em"
                >
                  <path
                    d="M432,320H400a16,16,0,0,0-16,16V448H64V128H208a16,16,0,0,0,16-16V80a16,16,0,0,0-16-16H48A48,48,0,0,0,0,112V464a48,48,0,0,0,48,48H400a48,48,0,0,0,48-48V336A16,16,0,0,0,432,320ZM488,0h-128c-21.37,0-32.05,25.91-17,41l35.73,35.73L135,320.37a24,24,0,0,0,0,34L157.67,377a24,24,0,0,0,34,0L435.28,133.32,471,169c15,15,41,4.5,41-17V24A24,24,0,0,0,488,0Z"
                  />
                </svg>
              </span>
            </a>
          </td>
          <td
            class="pf-c-table__action"
            data-key="4"
          >
            <div
              class="pf-c-dropdown pf-m-align-right"
              data-ouia-component-id="OUIA-Generated-Dropdown-1"
              data-ouia-component-type="PF4/Dropdown"
              data-ouia-safe="true"
            >
              <button
                aria-expanded="false"
                aria-haspopup="true"
                aria-label="Actions"
                class="pf-c-dropdown__toggle pf-m-plain"
                id="pf-dropdown-toggle-id-0"
                type="button"
              >
                <svg
                  aria-hidden="true"
                  fill="currentColor"
                  height="1em"
                  role="img"
                  style="vertical-align: -0.125em;"
                  viewBox="0 0 192 512"
                  width="1em"
                >
                  <path
                    d="M96 184c39.8 0 72 32.2 72 72s-32.2 72-72 72-72-32.2-72-72 32.2-72 72-72zM24 80c0 39.8 32.2 72 72 72s72-32.2 72-72S135.8 8 96 8 24 40.2 24 80zm0 352c0 39.8 32.2 72 72 72s72-32.2 72-72-32.2-72-72-72-72 32.2-72 72z"
                  />
                </svg>
              </button>
            </div>
          </td>
        </tr>
        <tr
          class=""
          data-ouia-component-id="OUIA-Generated-TableRow-2"
          data-ouia-component-type="PF4/TableRow"
          data-ouia-safe="true"
        >
          <td
            class=""
            data-key="0"
            data-label="Client ID"
          >
            <a
              href="/clients/337dc87b-e08d-409e-aaac-6ab7df4b925b"
            >
              account-console
            </a>
          </td>
          <td
            class=""
            data-key="1"
            data-label="Type"
          >
            openid-connect
          </td>
          <td
            class=""
            data-key="2"
            data-label="Description"
          >
            —
          </td>
          <td
            class=""
            data-key="3"
            data-label="Home URL"
          >
            <a
              aria-disabled="false"
              class="pf-c-button pf-m-link"
              data-ouia-component-id="OUIA-Generated-Button-link-2"
              data-ouia-component-type="PF4/Button"
              data-ouia-safe="true"
              href="http://blog.nerdin.chrealms/master/account/"
              target="_blank"
            >
              http://blog.nerdin.chrealms/master/account/
              <span
                class="pf-c-button__icon pf-m-end"
              >
                <svg
                  aria-hidden="true"
                  fill="currentColor"
                  height="1em"
                  role="img"
                  style="vertical-align: -0.125em;"
                  viewBox="0 0 512 512"
                  width="1em"
                >
                  <path
                    d="M432,320H400a16,16,0,0,0-16,16V448H64V128H208a16,16,0,0,0,16-16V80a16,16,0,0,0-16-16H48A48,48,0,0,0,0,112V464a48,48,0,0,0,48,48H400a48,48,0,0,0,48-48V336A16,16,0,0,0,432,320ZM488,0h-128c-21.37,0-32.05,25.91-17,41l35.73,35.73L135,320.37a24,24,0,0,0,0,34L157.67,377a24,24,0,0,0,34,0L435.28,133.32,471,169c15,15,41,4.5,41-17V24A24,24,0,0,0,488,0Z"
                  />
                </svg>
              </span>
            </a>
          </td>
          <td
            class="pf-c-table__action"
            data-key="4"
          >
            <div
              class="pf-c-dropdown pf-m-align-right"
              data-ouia-component-id="OUIA-Generated-Dropdown-2"
              data-ouia-component-type="PF4/Dropdown"
              data-ouia-safe="true"
            >
              <button
                aria-expanded="false"
                aria-haspopup="true"
                aria-label="Actions"
                class="pf-c-dropdown__toggle pf-m-plain"
                id="pf-dropdown-toggle-id-1"
                type="button"
              >
                <svg
                  aria-hidden="true"
                  fill="currentColor"
                  height="1em"
                  role="img"
                  style="vertical-align: -0.125em;"
                  viewBox="0 0 192 512"
                  width="1em"
                >
                  <path
                    d="M96 184c39.8 0 72 32.2 72 72s-32.2 72-72 72-72-32.2-72-72 32.2-72 72-72zM24 80c0 39.8 32.2 72 72 72s72-32.2 72-72S135.8 8 96 8 24 40.2 24 80zm0 352c0 39.8 32.2 72 72 72s72-32.2 72-72-32.2-72-72-72-72 32.2-72 72z"
                  />
                </svg>
              </button>
            </div>
          </td>
        </tr>
        <tr
          class=""
          data-ouia-component-id="OUIA-Generated-TableRow-3"
          data-ouia-component-type="PF4/TableRow"
          data-ouia-safe="true"
        >
          <td
            class=""
            data-key="0"
            data-label="Client ID"
          >
            <a
              href="/clients/60d59afe-7926-4c22-b829-798125793ef5"
            >
              admin-cli
            </a>
          </td>
          <td
            class=""
            data-key="1"
            data-label="Type"
          >
            openid-connect
          </td>
          <td
            class=""
            data-key="2"
            data-label="Description"
          >
            —
          </td>
          <td
            class=""
            data-key="3"
            data-label="Home URL"
          >
            —
          </td>
          <td
            class="pf-c-table__action"
            data-key="4"
          >
            <div
              class="pf-c-dropdown pf-m-align-right"
              data-ouia-component-id="OUIA-Generated-Dropdown-3"
              data-ouia-component-type="PF4/Dropdown"
              data-ouia-safe="true"
            >
              <button
                aria-expanded="false"
                aria-haspopup="true"
                aria-label="Actions"
                class="pf-c-dropdown__toggle pf-m-plain"
                id="pf-dropdown-toggle-id-2"
                type="button"
              >
                <svg
                  aria-hidden="true"
                  fill="currentColor"
                  height="1em"
                  role="img"
                  style="vertical-align: -0.125em;"
                  viewBox="0 0 192 512"
                  width="1em"
                >
                  <path
                    d="M96 184c39.8 0 72 32.2 72 72s-32.2 72-72 72-72-32.2-72-72 32.2-72 72-72zM24 80c0 39.8 32.2 72 72 72s72-32.2 72-72S135.8 8 96 8 24 40.2 24 80zm0 352c0 39.8 32.2 72 72 72s72-32.2 72-72-32.2-72-72-72-72 32.2-72 72z"
                  />
                </svg>
              </button>
            </div>
          </td>
        </tr>
        <tr
          class=""
          data-ouia-component-id="OUIA-Generated-TableRow-4"
          data-ouia-component-type="PF4/TableRow"
          data-ouia-safe="true"
        >
          <td
            class=""
            data-key="0"
            data-label="Client ID"
          >
            <a
              href="/clients/c2d74093-2b8c-4ecb-870f-c7358ff48237"
            >
              broker
            </a>
          </td>
          <td
            class=""
            data-key="1"
            data-label="Type"
          >
            openid-connect
          </td>
          <td
            class=""
            data-key="2"
            data-label="Description"
          >
            —
          </td>
          <td
            class=""
            data-key="3"
            data-label="Home URL"
          >
            —
          </td>
          <td
            class="pf-c-table__action"
            data-key="4"
          >
            <div
              class="pf-c-dropdown pf-m-align-right"
              data-ouia-component-id="OUIA-Generated-Dropdown-4"
              data-ouia-component-type="PF4/Dropdown"
              data-ouia-safe="true"
            >
              <button
                aria-expanded="false"
                aria-haspopup="true"
                aria-label="Actions"
                class="pf-c-dropdown__toggle pf-m-plain"
                id="pf-dropdown-toggle-id-3"
                type="button"
              >
                <svg
                  aria-hidden="true"
                  fill="currentColor"
                  height="1em"
                  role="img"
                  style="vertical-align: -0.125em;"
                  viewBox="0 0 192 512"
                  width="1em"
                >
                  <path
                    d="M96 184c39.8 0 72 32.2 72 72s-32.2 72-72 72-72-32.2-72-72 32.2-72 72-72zM24 80c0 39.8 32.2 72 72 72s72-32.2 72-72S135.8 8 96 8 24 40.2 24 80zm0 352c0 39.8 32.2 72 72 72s72-32.2 72-72-32.2-72-72-72-72 32.2-72 72z"
                  />
                </svg>
              </button>
            </div>
          </td>
        </tr>
        <tr
          class=""
          data-ouia-component-id="OUIA-Generated-TableRow-5"
          data-ouia-component-type="PF4/TableRow"
          data-ouia-safe="true"
        >
          <td
            class=""
            data-key="0"
            data-label="Client ID"
          >
            <a
              href="/clients/66135023-e667-4864-b1f3-f87e805fabc2"
            >
              master-realm
            </a>
          </td>
          <td
            class=""
            data-key="1"
            data-label="Type"
          />
          <td
            class=""
            data-key="2"
            data-label="Description"
          >
            —
          </td>
          <td
            class=""
            data-key="3"
            data-label="Home URL"
          >
            —
          </td>
          <td
            class="pf-c-table__action"
            data-key="4"
          >
            <div
              class="pf-c-dropdown pf-m-align-right"
              data-ouia-component-id="OUIA-Generated-Dropdown-5"
              data-ouia-component-type="PF4/Dropdown"
              data-ouia-safe="true"
            >
              <button
                aria-expanded="false"
                aria-haspopup="true"
                aria-label="Actions"
                class="pf-c-dropdown__toggle pf-m-plain"
                id="pf-dropdown-toggle-id-4"
                type="button"
              >
                <svg
                  aria-hidden="true"
                  fill="currentColor"
                  height="1em"
                  role="img"
                  style="vertical-align: -0.125em;"
                  viewBox="0 0 192 512"
                  width="1em"
                >
                  <path
                    d="M96 184c39.8 0 72 32.2 72 72s-32.2 72-72 72-72-32.2-72-72 32.2-72 72-72zM24 80c0 39.8 32.2 72 72 72s72-32.2 72-72S135.8 8 96 8 24 40.2 24 80zm0 352c0 39.8 32.2 72 72 72s72-32.2 72-72-32.2-72-72-72-72 32.2-72 72z"
                  />
                </svg>
              </button>
            </div>
          </td>
        </tr>
        <tr
          class=""
          data-ouia-component-id="OUIA-Generated-TableRow-6"
          data-ouia-component-type="PF4/TableRow"
          data-ouia-safe="true"
        >
          <td
            class=""
            data-key="0"
            data-label="Client ID"
          >
            <a
              href="/clients/324f4182-d302-44f8-ac8a-149eaa29dc90"
            >
              new
            </a>
          </td>
          <td
            class=""
            data-key="1"
            data-label="Type"
          >
            openid-connect
          </td>
          <td
            class=""
            data-key="2"
            data-label="Description"
          >
            —
          </td>
          <td
            class=""
            data-key="3"
            data-label="Home URL"
          >
            <a
              aria-disabled="false"
              class="pf-c-button pf-m-link"
              data-ouia-component-id="OUIA-Generated-Button-link-3"
              data-ouia-component-type="PF4/Button"
              data-ouia-safe="true"
              href="http://localhost:8080/"
              target="_blank"
            >
              http://localhost:8080/
              <span
                class="pf-c-button__icon pf-m-end"
              >
                <svg
                  aria-hidden="true"
                  fill="currentColor"
                  height="1em"
                  role="img"
                  style="vertical-align: -0.125em;"
                  viewBox="0 0 512 512"
                  width="1em"
                >
                  <path
                    d="M432,320H400a16,16,0,0,0-16,16V448H64V128H208a16,16,0,0,0,16-16V80a16,16,0,0,0-16-16H48A48,48,0,0,0,0,112V464a48,48,0,0,0,48,48H400a48,48,0,0,0,48-48V336A16,16,0,0,0,432,320ZM488,0h-128c-21.37,0-32.05,25.91-17,41l35.73,35.73L135,320.37a24,24,0,0,0,0,34L157.67,377a24,24,0,0,0,34,0L435.28,133.32,471,169c15,15,41,4.5,41-17V24A24,24,0,0,0,488,0Z"
                  />
                </svg>
              </span>
            </a>
          </td>
          <td
            class="pf-c-table__action"
            data-key="4"
          >
            <div
              class="pf-c-dropdown pf-m-align-right"
              data-ouia-component-id="OUIA-Generated-Dropdown-6"
              data-ouia-component-type="PF4/Dropdown"
              data-ouia-safe="true"
            >
              <button
                aria-expanded="false"
                aria-haspopup="true"
                aria-label="Actions"
                class="pf-c-dropdown__toggle pf-m-plain"
                id="pf-dropdown-toggle-id-5"
                type="button"
              >
                <svg
                  aria-hidden="true"
                  fill="currentColor"
                  height="1em"
                  role="img"
                  style="vertical-align: -0.125em;"
                  viewBox="0 0 192 512"
                  width="1em"
                >
                  <path
                    d="M96 184c39.8 0 72 32.2 72 72s-32.2 72-72 72-72-32.2-72-72 32.2-72 72-72zM24 80c0 39.8 32.2 72 72 72s72-32.2 72-72S135.8 8 96 8 24 40.2 24 80zm0 352c0 39.8 32.2 72 72 72s72-32.2 72-72-32.2-72-72-72-72 32.2-72 72z"
                  />
                </svg>
              </button>
            </div>
          </td>
        </tr>
        <tr
          class=""
          data-ouia-component-id="OUIA-Generated-TableRow-7"
          data-ouia-component-type="PF4/TableRow"
          data-ouia-safe="true"
        >
          <td
            class=""
            data-key="0"
            data-label="Client ID"
          >
            <a
              href="/clients/fb45882b-4d85-4f40-920e-6a68298d36d0"
            >
              photoz-realm
            </a>
          </td>
          <td
            class=""
            data-key="1"
            data-label="Type"
          />
          <td
            class=""
            data-key="2"
            data-label="Description"
          >
            —
          </td>
          <td
            class=""
            data-key="3"
            data-label="Home URL"
          >
            —
          </td>
          <td
            class="pf-c-table__action"
            data-key="4"
          >
            <div
              class="pf-c-dropdown pf-m-align-right"
              data-ouia-component-id="OUIA-Generated-Dropdown-7"
              data-ouia-component-type="PF4/Dropdown"
              data-ouia-safe="true"
            >
              <button
                aria-expanded="false"
                aria-haspopup="true"
                aria-label="Actions"
                class="pf-c-dropdown__toggle pf-m-plain"
                id="pf-dropdown-toggle-id-6"
                type="button"
              >
                <svg
                  aria-hidden="true"
                  fill="currentColor"
                  height="1em"
                  role="img"
                  style="vertical-align: -0.125em;"
                  viewBox="0 0 192 512"
                  width="1em"
                >
                  <path
                    d="M96 184c39.8 0 72 32.2 72 72s-32.2 72-72 72-72-32.2-72-72 32.2-72 72-72zM24 80c0 39.8 32.2 72 72 72s72-32.2 72-72S135.8 8 96 8 24 40.2 24 80zm0 352c0 39.8 32.2 72 72 72s72-32.2 72-72-32.2-72-72-72-72 32.2-72 72z"
                  />
                </svg>
              </button>
            </div>
          </td>
        </tr>
        <tr
          class=""
          data-ouia-component-id="OUIA-Generated-TableRow-8"
          data-ouia-component-type="PF4/TableRow"
          data-ouia-safe="true"
        >
          <td
            class=""
            data-key="0"
            data-label="Client ID"
          >
            <a
              href="/clients/9ed60e41-d794-4046-842f-3247bf32f5ce"
            >
              security-admin-console
            </a>
          </td>
          <td
            class=""
            data-key="1"
            data-label="Type"
          >
            openid-connect
          </td>
          <td
            class=""
            data-key="2"
            data-label="Description"
          >
            —
          </td>
          <td
            class=""
            data-key="3"
            data-label="Home URL"
          >
            <a
              aria-disabled="false"
              class="pf-c-button pf-m-link"
              data-ouia-component-id="OUIA-Generated-Button-link-4"
              data-ouia-component-type="PF4/Button"
              data-ouia-safe="true"
              href="http://blog.nerdin.chadmin/master/console/"
              target="_blank"
            >
              http://blog.nerdin.chadmin/master/console/
              <span
                class="pf-c-button__icon pf-m-end"
              >
                <svg
                  aria-hidden="true"
                  fill="currentColor"
                  height="1em"
                  role="img"
                  style="vertical-align: -0.125em;"
                  viewBox="0 0 512 512"
                  width="1em"
                >
                  <path
                    d="M432,320H400a16,16,0,0,0-16,16V448H64V128H208a16,16,0,0,0,16-16V80a16,16,0,0,0-16-16H48A48,48,0,0,0,0,112V464a48,48,0,0,0,48,48H400a48,48,0,0,0,48-48V336A16,16,0,0,0,432,320ZM488,0h-128c-21.37,0-32.05,25.91-17,41l35.73,35.73L135,320.37a24,24,0,0,0,0,34L157.67,377a24,24,0,0,0,34,0L435.28,133.32,471,169c15,15,41,4.5,41-17V24A24,24,0,0,0,488,0Z"
                  />
                </svg>
              </span>
            </a>
          </td>
          <td
            class="pf-c-table__action"
            data-key="4"
          >
            <div
              class="pf-c-dropdown pf-m-align-right"
              data-ouia-component-id="OUIA-Generated-Dropdown-8"
              data-ouia-component-type="PF4/Dropdown"
              data-ouia-safe="true"
            >
              <button
                aria-expanded="false"
                aria-haspopup="true"
                aria-label="Actions"
                class="pf-c-dropdown__toggle pf-m-plain"
                id="pf-dropdown-toggle-id-7"
                type="button"
              >
                <svg
                  aria-hidden="true"
                  fill="currentColor"
                  height="1em"
                  role="img"
                  style="vertical-align: -0.125em;"
                  viewBox="0 0 192 512"
                  width="1em"
                >
                  <path
                    d="M96 184c39.8 0 72 32.2 72 72s-32.2 72-72 72-72-32.2-72-72 32.2-72 72-72zM24 80c0 39.8 32.2 72 72 72s72-32.2 72-72S135.8 8 96 8 24 40.2 24 80zm0 352c0 39.8 32.2 72 72 72s72-32.2 72-72-32.2-72-72-72-72 32.2-72 72z"
                  />
                </svg>
              </button>
            </div>
          </td>
        </tr>
      </tbody>
    </table>
  </div>,
  "debug": [Function],
  "findAllByAltText": [Function],
  "findAllByDisplayValue": [Function],
  "findAllByLabelText": [Function],
  "findAllByPlaceholderText": [Function],
  "findAllByRole": [Function],
  "findAllByTestId": [Function],
  "findAllByText": [Function],
  "findAllByTitle": [Function],
  "findByAltText": [Function],
  "findByDisplayValue": [Function],
  "findByLabelText": [Function],
  "findByPlaceholderText": [Function],
  "findByRole": [Function],
  "findByTestId": [Function],
  "findByText": [Function],
  "findByTitle": [Function],
  "getAllByAltText": [Function],
  "getAllByDisplayValue": [Function],
  "getAllByLabelText": [Function],
  "getAllByPlaceholderText": [Function],
  "getAllByRole": [Function],
  "getAllByTestId": [Function],
  "getAllByText": [Function],
  "getAllByTitle": [Function],
  "getByAltText": [Function],
  "getByDisplayValue": [Function],
  "getByLabelText": [Function],
  "getByPlaceholderText": [Function],
  "getByRole": [Function],
  "getByTestId": [Function],
  "getByText": [Function],
  "getByTitle": [Function],
  "queryAllByAltText": [Function],
  "queryAllByDisplayValue": [Function],
  "queryAllByLabelText": [Function],
  "queryAllByPlaceholderText": [Function],
  "queryAllByRole": [Function],
  "queryAllByTestId": [Function],
  "queryAllByText": [Function],
  "queryAllByTitle": [Function],
  "queryByAltText": [Function],
  "queryByDisplayValue": [Function],
  "queryByLabelText": [Function],
  "queryByPlaceholderText": [Function],
  "queryByRole": [Function],
  "queryByTestId": [Function],
  "queryByText": [Function],
  "queryByTitle": [Function],
  "rerender": [Function],
  "unmount": [Function],
}
`;
